Analysis & Synthesis report for shootingGame
Mon Nov 12 20:22:43 2018
Quartus II Version 9.1 Build 222 10/21/2009 SJ Full Version


---------------------
; Table of Contents ;
---------------------
  1. Legal Notice
  2. Analysis & Synthesis Summary
  3. Analysis & Synthesis Settings
  4. Parallel Compilation
  5. Analysis & Synthesis Source Files Read
  6. Analysis & Synthesis Resource Usage Summary
  7. Analysis & Synthesis Resource Utilization by Entity
  8. User-Specified and Inferred Latches
  9. Registers Removed During Synthesis
 10. General Register Statistics
 11. Inverted Register Statistics
 12. Multiplexer Restructuring Statistics (Restructuring Performed)
 13. Parameter Settings for Inferred Entity Instance: displayer:u7|lpm_mult:Mult0
 14. Parameter Settings for Inferred Entity Instance: displayer:u7|lpm_divide:Div0
 15. Parameter Settings for Inferred Entity Instance: displayer:u7|lpm_divide:Div2
 16. Parameter Settings for Inferred Entity Instance: displayer:u7|lpm_divide:Mod0
 17. Parameter Settings for Inferred Entity Instance: displayer:u7|lpm_divide:Mod2
 18. Parameter Settings for Inferred Entity Instance: displayer:u7|lpm_divide:Mod1
 19. Parameter Settings for Inferred Entity Instance: displayer:u7|lpm_divide:Mod3
 20. Parameter Settings for Inferred Entity Instance: displayer:u7|lpm_divide:Div1
 21. Parameter Settings for Inferred Entity Instance: displayer:u7|lpm_divide:Div3
 22. lpm_mult Parameter Settings by Entity Instance
 23. Analysis & Synthesis Messages



----------------
; Legal Notice ;
----------------
Copyright (C) 1991-2009 Altera Corporation
Your use of Altera Corporation's design tools, logic functions 
and other software and tools, and its AMPP partner logic 
functions, and any output files from any of the foregoing 
(including device programming or simulation files), and any 
associated documentation or information are expressly subject 
to the terms and conditions of the Altera Program License 
Subscription Agreement, Altera MegaCore Function License 
Agreement, or other applicable license agreement, including, 
without limitation, that your use is for the sole purpose of 
programming logic devices manufactured by Altera and sold by 
Altera or its authorized distributors.  Please refer to the 
applicable agreement for further details.



+------------------------------------------------------------------------+
; Analysis & Synthesis Summary                                           ;
+-----------------------------+------------------------------------------+
; Analysis & Synthesis Status ; Successful - Mon Nov 12 20:22:43 2018    ;
; Quartus II Version          ; 9.1 Build 222 10/21/2009 SJ Full Version ;
; Revision Name               ; shootingGame                             ;
; Top-level Entity Name       ; shootingGame                             ;
; Family                      ; MAX II                                   ;
; Total logic elements        ; 1,273                                    ;
; Total pins                  ; 48                                       ;
; Total virtual pins          ; 0                                        ;
; UFM blocks                  ; 0 / 1 ( 0 % )                            ;
+-----------------------------+------------------------------------------+


+----------------------------------------------------------------------------------------------------------------------+
; Analysis & Synthesis Settings                                                                                        ;
+----------------------------------------------------------------------------+--------------------+--------------------+
; Option                                                                     ; Setting            ; Default Value      ;
+----------------------------------------------------------------------------+--------------------+--------------------+
; Device                                                                     ; EPM1270T144C5      ;                    ;
; Top-level entity name                                                      ; shootingGame       ; shootingGame       ;
; Family name                                                                ; MAX II             ; Stratix II         ;
; Use Generated Physical Constraints File                                    ; Off                ;                    ;
; Use smart compilation                                                      ; Off                ; Off                ;
; Enable parallel Assembler and TimeQuest Timing Analyzer during compilation ; On                 ; On                 ;
; Enable compact report table                                                ; Off                ; Off                ;
; Restructure Multiplexers                                                   ; Auto               ; Auto               ;
; Create Debugging Nodes for IP Cores                                        ; Off                ; Off                ;
; Preserve fewer node names                                                  ; On                 ; On                 ;
; Disable OpenCore Plus hardware evaluation                                  ; Off                ; Off                ;
; Verilog Version                                                            ; Verilog_2001       ; Verilog_2001       ;
; VHDL Version                                                               ; VHDL_1993          ; VHDL_1993          ;
; State Machine Processing                                                   ; Auto               ; Auto               ;
; Safe State Machine                                                         ; Off                ; Off                ;
; Extract Verilog State Machines                                             ; On                 ; On                 ;
; Extract VHDL State Machines                                                ; On                 ; On                 ;
; Ignore Verilog initial constructs                                          ; Off                ; Off                ;
; Iteration limit for constant Verilog loops                                 ; 5000               ; 5000               ;
; Iteration limit for non-constant Verilog loops                             ; 250                ; 250                ;
; Add Pass-Through Logic to Inferred RAMs                                    ; On                 ; On                 ;
; Parallel Synthesis                                                         ; On                 ; On                 ;
; NOT Gate Push-Back                                                         ; On                 ; On                 ;
; Power-Up Don't Care                                                        ; On                 ; On                 ;
; Remove Redundant Logic Cells                                               ; Off                ; Off                ;
; Remove Duplicate Registers                                                 ; On                 ; On                 ;
; Ignore CARRY Buffers                                                       ; Off                ; Off                ;
; Ignore CASCADE Buffers                                                     ; Off                ; Off                ;
; Ignore GLOBAL Buffers                                                      ; Off                ; Off                ;
; Ignore ROW GLOBAL Buffers                                                  ; Off                ; Off                ;
; Ignore LCELL Buffers                                                       ; Off                ; Off                ;
; Ignore SOFT Buffers                                                        ; On                 ; On                 ;
; Limit AHDL Integers to 32 Bits                                             ; Off                ; Off                ;
; Optimization Technique                                                     ; Balanced           ; Balanced           ;
; Carry Chain Length                                                         ; 70                 ; 70                 ;
; Auto Carry Chains                                                          ; On                 ; On                 ;
; Auto Open-Drain Pins                                                       ; On                 ; On                 ;
; Perform WYSIWYG Primitive Resynthesis                                      ; Off                ; Off                ;
; Auto Shift Register Replacement                                            ; Auto               ; Auto               ;
; Auto Clock Enable Replacement                                              ; On                 ; On                 ;
; Allow Synchronous Control Signals                                          ; On                 ; On                 ;
; Force Use of Synchronous Clear Signals                                     ; Off                ; Off                ;
; Auto Resource Sharing                                                      ; Off                ; Off                ;
; Use LogicLock Constraints during Resource Balancing                        ; On                 ; On                 ;
; Ignore translate_off and synthesis_off directives                          ; Off                ; Off                ;
; Show Parameter Settings Tables in Synthesis Report                         ; On                 ; On                 ;
; Ignore Maximum Fan-Out Assignments                                         ; Off                ; Off                ;
; Synchronization Register Chain Length                                      ; 2                  ; 2                  ;
; PowerPlay Power Optimization                                               ; Normal compilation ; Normal compilation ;
; HDL message level                                                          ; Level2             ; Level2             ;
; Suppress Register Optimization Related Messages                            ; Off                ; Off                ;
; Number of Removed Registers Reported in Synthesis Report                   ; 100                ; 100                ;
; Number of Inverted Registers Reported in Synthesis Report                  ; 100                ; 100                ;
; Clock MUX Protection                                                       ; On                 ; On                 ;
; Block Design Naming                                                        ; Auto               ; Auto               ;
; Synthesis Effort                                                           ; Auto               ; Auto               ;
; Shift Register Replacement - Allow Asynchronous Clear Signal               ; On                 ; On                 ;
; Analysis & Synthesis Message Level                                         ; Medium             ; Medium             ;
; Disable Register Merging Across Hierarchies                                ; Auto               ; Auto               ;
+----------------------------------------------------------------------------+--------------------+--------------------+


+------------------------------------------+
; Parallel Compilation                     ;
+----------------------------+-------------+
; Processors                 ; Number      ;
+----------------------------+-------------+
; Number detected on machine ; 6           ;
; Maximum allowed            ; 6           ;
;                            ;             ;
; Average used               ; 1.00        ;
; Maximum used               ; 1           ;
;                            ;             ;
; Usage by Processor         ; % Time Used ;
;     1 processor            ; 100.0%      ;
;     2-6 processors         ;   0.0%      ;
+----------------------------+-------------+


+------------------------------------------------------------------------------------------------------------------------------------------------------------------------------------------+
; Analysis & Synthesis Source Files Read                                                                                                                                                   ;
+----------------------------------+-----------------+------------------------------+------------------------------------------------------------------------------------------------------+
; File Name with User-Entered Path ; Used in Netlist ; File Type                    ; File Name with Absolute Path                                                                         ;
+----------------------------------+-----------------+------------------------------+------------------------------------------------------------------------------------------------------+
; autoCheck.vhd                    ; yes             ; User VHDL File               ; D:/Projects/Quartus/digitalCircuitHomework/ShootingGame/ShootingGameFinal/autoCheck.vhd              ;
; buttonProcessor.vhd              ; yes             ; User VHDL File               ; D:/Projects/Quartus/digitalCircuitHomework/ShootingGame/ShootingGameFinal/buttonProcessor.vhd        ;
; displayer.vhd                    ; yes             ; User VHDL File               ; D:/Projects/Quartus/digitalCircuitHomework/ShootingGame/ShootingGameFinal/displayer.vhd              ;
; initGun.vhd                      ; yes             ; User VHDL File               ; D:/Projects/Quartus/digitalCircuitHomework/ShootingGame/ShootingGameFinal/initGun.vhd                ;
; mainGame.vhd                     ; yes             ; User VHDL File               ; D:/Projects/Quartus/digitalCircuitHomework/ShootingGame/ShootingGameFinal/mainGame.vhd               ;
; result.vhd                       ; yes             ; User VHDL File               ; D:/Projects/Quartus/digitalCircuitHomework/ShootingGame/ShootingGameFinal/result.vhd                 ;
; ShootingGame.vhd                 ; yes             ; User VHDL File               ; D:/Projects/Quartus/digitalCircuitHomework/ShootingGame/ShootingGameFinal/ShootingGame.vhd           ;
; systemController.vhd             ; yes             ; User VHDL File               ; D:/Projects/Quartus/digitalCircuitHomework/ShootingGame/ShootingGameFinal/systemController.vhd       ;
; waitGame.vhd                     ; yes             ; User VHDL File               ; D:/Projects/Quartus/digitalCircuitHomework/ShootingGame/ShootingGameFinal/waitGame.vhd               ;
; musicPlayer.vhd                  ; yes             ; User VHDL File               ; D:/Projects/Quartus/digitalCircuitHomework/ShootingGame/ShootingGameFinal/musicPlayer.vhd            ;
; lpm_mult.tdf                     ; yes             ; Megafunction                 ; d:/altera/9.1/quartus/libraries/megafunctions/lpm_mult.tdf                                           ;
; multcore.tdf                     ; yes             ; Megafunction                 ; d:/altera/9.1/quartus/libraries/megafunctions/multcore.tdf                                           ;
; mpar_add.tdf                     ; yes             ; Megafunction                 ; d:/altera/9.1/quartus/libraries/megafunctions/mpar_add.tdf                                           ;
; altshift.tdf                     ; yes             ; Megafunction                 ; d:/altera/9.1/quartus/libraries/megafunctions/altshift.tdf                                           ;
; lpm_divide.tdf                   ; yes             ; Megafunction                 ; d:/altera/9.1/quartus/libraries/megafunctions/lpm_divide.tdf                                         ;
; db/lpm_divide_ovl.tdf            ; yes             ; Auto-Generated Megafunction  ; D:/Projects/Quartus/digitalCircuitHomework/ShootingGame/ShootingGameFinal/db/lpm_divide_ovl.tdf      ;
; db/sign_div_unsign_9kh.tdf       ; yes             ; Auto-Generated Megafunction  ; D:/Projects/Quartus/digitalCircuitHomework/ShootingGame/ShootingGameFinal/db/sign_div_unsign_9kh.tdf ;
; db/alt_u_div_die.tdf             ; yes             ; Auto-Generated Megafunction  ; D:/Projects/Quartus/digitalCircuitHomework/ShootingGame/ShootingGameFinal/db/alt_u_div_die.tdf       ;
; db/add_sub_e7c.tdf               ; yes             ; Auto-Generated Megafunction  ; D:/Projects/Quartus/digitalCircuitHomework/ShootingGame/ShootingGameFinal/db/add_sub_e7c.tdf         ;
; db/add_sub_f7c.tdf               ; yes             ; Auto-Generated Megafunction  ; D:/Projects/Quartus/digitalCircuitHomework/ShootingGame/ShootingGameFinal/db/add_sub_f7c.tdf         ;
; db/add_sub_g7c.tdf               ; yes             ; Auto-Generated Megafunction  ; D:/Projects/Quartus/digitalCircuitHomework/ShootingGame/ShootingGameFinal/db/add_sub_g7c.tdf         ;
; db/add_sub_h7c.tdf               ; yes             ; Auto-Generated Megafunction  ; D:/Projects/Quartus/digitalCircuitHomework/ShootingGame/ShootingGameFinal/db/add_sub_h7c.tdf         ;
; db/add_sub_i7c.tdf               ; yes             ; Auto-Generated Megafunction  ; D:/Projects/Quartus/digitalCircuitHomework/ShootingGame/ShootingGameFinal/db/add_sub_i7c.tdf         ;
; db/lpm_divide_tnl.tdf            ; yes             ; Auto-Generated Megafunction  ; D:/Projects/Quartus/digitalCircuitHomework/ShootingGame/ShootingGameFinal/db/lpm_divide_tnl.tdf      ;
; db/sign_div_unsign_bkh.tdf       ; yes             ; Auto-Generated Megafunction  ; D:/Projects/Quartus/digitalCircuitHomework/ShootingGame/ShootingGameFinal/db/sign_div_unsign_bkh.tdf ;
; db/alt_u_div_hie.tdf             ; yes             ; Auto-Generated Megafunction  ; D:/Projects/Quartus/digitalCircuitHomework/ShootingGame/ShootingGameFinal/db/alt_u_div_hie.tdf       ;
; db/add_sub_j7c.tdf               ; yes             ; Auto-Generated Megafunction  ; D:/Projects/Quartus/digitalCircuitHomework/ShootingGame/ShootingGameFinal/db/add_sub_j7c.tdf         ;
; db/lpm_divide_rnl.tdf            ; yes             ; Auto-Generated Megafunction  ; D:/Projects/Quartus/digitalCircuitHomework/ShootingGame/ShootingGameFinal/db/lpm_divide_rnl.tdf      ;
; db/sign_div_unsign_akh.tdf       ; yes             ; Auto-Generated Megafunction  ; D:/Projects/Quartus/digitalCircuitHomework/ShootingGame/ShootingGameFinal/db/sign_div_unsign_akh.tdf ;
; db/alt_u_div_eie.tdf             ; yes             ; Auto-Generated Megafunction  ; D:/Projects/Quartus/digitalCircuitHomework/ShootingGame/ShootingGameFinal/db/alt_u_div_eie.tdf       ;
; db/lpm_divide_nvl.tdf            ; yes             ; Auto-Generated Megafunction  ; D:/Projects/Quartus/digitalCircuitHomework/ShootingGame/ShootingGameFinal/db/lpm_divide_nvl.tdf      ;
; db/sign_div_unsign_8kh.tdf       ; yes             ; Auto-Generated Megafunction  ; D:/Projects/Quartus/digitalCircuitHomework/ShootingGame/ShootingGameFinal/db/sign_div_unsign_8kh.tdf ;
; db/alt_u_div_bie.tdf             ; yes             ; Auto-Generated Megafunction  ; D:/Projects/Quartus/digitalCircuitHomework/ShootingGame/ShootingGameFinal/db/alt_u_div_bie.tdf       ;
+----------------------------------+-----------------+------------------------------+------------------------------------------------------------------------------------------------------+


+-----------------------------------------------------+
; Analysis & Synthesis Resource Usage Summary         ;
+---------------------------------------------+-------+
; Resource                                    ; Usage ;
+---------------------------------------------+-------+
; Total logic elements                        ; 1273  ;
;     -- Combinational with no register       ; 785   ;
;     -- Register only                        ; 80    ;
;     -- Combinational with a register        ; 408   ;
;                                             ;       ;
; Logic element usage by number of LUT inputs ;       ;
;     -- 4 input functions                    ; 437   ;
;     -- 3 input functions                    ; 205   ;
;     -- 2 input functions                    ; 472   ;
;     -- 1 input functions                    ; 78    ;
;     -- 0 input functions                    ; 1     ;
;                                             ;       ;
; Logic elements by mode                      ;       ;
;     -- normal mode                          ; 872   ;
;     -- arithmetic mode                      ; 401   ;
;     -- qfbk mode                            ; 0     ;
;     -- register cascade mode                ; 0     ;
;     -- synchronous clear/load mode          ; 265   ;
;     -- asynchronous clear/load mode         ; 0     ;
;                                             ;       ;
; Total registers                             ; 488   ;
; Total logic cells in carry chains           ; 456   ;
; I/O pins                                    ; 48    ;
; Maximum fan-out node                        ; clk   ;
; Maximum fan-out                             ; 488   ;
; Total fan-out                               ; 4793  ;
; Average fan-out                             ; 3.63  ;
+---------------------------------------------+-------+


+------------------------------------------------------------------------------------------------------------------------------------------------------------------------------------------------------------------------------------------------------------------------------------------------------------------------------------------------------------------+
; Analysis & Synthesis Resource Utilization by Entity                                                                                                                                                                                                                                                                                                              ;
+-------------------------------------------+-------------+--------------+------------+------+--------------+--------------+-------------------+------------------+-----------------+------------+--------------------------------------------------------------------------------------------------------------------------------------------------+--------------+
; Compilation Hierarchy Node                ; Logic Cells ; LC Registers ; UFM Blocks ; Pins ; Virtual Pins ; LUT-Only LCs ; Register-Only LCs ; LUT/Register LCs ; Carry Chain LCs ; Packed LCs ; Full Hierarchy Name                                                                                                                              ; Library Name ;
+-------------------------------------------+-------------+--------------+------------+------+--------------+--------------+-------------------+------------------+-----------------+------------+--------------------------------------------------------------------------------------------------------------------------------------------------+--------------+
; |shootingGame                             ; 1273 (1)    ; 488          ; 0          ; 48   ; 0            ; 785 (1)      ; 80 (0)            ; 408 (0)          ; 456 (0)         ; 0 (0)      ; |shootingGame                                                                                                                                    ; work         ;
;    |autoCheck:u2|                         ; 46 (46)     ; 35           ; 0          ; 0    ; 0            ; 11 (11)      ; 5 (5)             ; 30 (30)          ; 24 (24)         ; 0 (0)      ; |shootingGame|autoCheck:u2                                                                                                                       ; work         ;
;    |buttonProcessor:u8|                   ; 51 (51)     ; 24           ; 0          ; 0    ; 0            ; 27 (27)      ; 17 (17)           ; 7 (7)            ; 20 (20)         ; 0 (0)      ; |shootingGame|buttonProcessor:u8                                                                                                                 ; work         ;
;    |displayer:u7|                         ; 519 (329)   ; 125          ; 0          ; 0    ; 0            ; 394 (204)    ; 30 (30)           ; 95 (95)          ; 165 (59)        ; 0 (0)      ; |shootingGame|displayer:u7                                                                                                                       ; work         ;
;       |lpm_divide:Div0|                   ; 27 (0)      ; 0            ; 0          ; 0    ; 0            ; 27 (0)       ; 0 (0)             ; 0 (0)            ; 13 (0)          ; 0 (0)      ; |shootingGame|displayer:u7|lpm_divide:Div0                                                                                                       ; work         ;
;          |lpm_divide_ovl:auto_generated|  ; 27 (0)      ; 0            ; 0          ; 0    ; 0            ; 27 (0)       ; 0 (0)             ; 0 (0)            ; 13 (0)          ; 0 (0)      ; |shootingGame|displayer:u7|lpm_divide:Div0|lpm_divide_ovl:auto_generated                                                                         ; work         ;
;             |sign_div_unsign_9kh:divider| ; 27 (0)      ; 0            ; 0          ; 0    ; 0            ; 27 (0)       ; 0 (0)             ; 0 (0)            ; 13 (0)          ; 0 (0)      ; |shootingGame|displayer:u7|lpm_divide:Div0|lpm_divide_ovl:auto_generated|sign_div_unsign_9kh:divider                                             ; work         ;
;                |alt_u_div_die:divider|    ; 27 (14)     ; 0            ; 0          ; 0    ; 0            ; 27 (14)      ; 0 (0)             ; 0 (0)            ; 13 (0)          ; 0 (0)      ; |shootingGame|displayer:u7|lpm_divide:Div0|lpm_divide_ovl:auto_generated|sign_div_unsign_9kh:divider|alt_u_div_die:divider                       ; work         ;
;                   |add_sub_h7c:add_sub_3| ; 6 (6)       ; 0            ; 0          ; 0    ; 0            ; 6 (6)        ; 0 (0)             ; 0 (0)            ; 6 (6)           ; 0 (0)      ; |shootingGame|displayer:u7|lpm_divide:Div0|lpm_divide_ovl:auto_generated|sign_div_unsign_9kh:divider|alt_u_div_die:divider|add_sub_h7c:add_sub_3 ; work         ;
;                   |add_sub_i7c:add_sub_4| ; 7 (7)       ; 0            ; 0          ; 0    ; 0            ; 7 (7)        ; 0 (0)             ; 0 (0)            ; 7 (7)           ; 0 (0)      ; |shootingGame|displayer:u7|lpm_divide:Div0|lpm_divide_ovl:auto_generated|sign_div_unsign_9kh:divider|alt_u_div_die:divider|add_sub_i7c:add_sub_4 ; work         ;
;       |lpm_divide:Div1|                   ; 14 (0)      ; 0            ; 0          ; 0    ; 0            ; 14 (0)       ; 0 (0)             ; 0 (0)            ; 6 (0)           ; 0 (0)      ; |shootingGame|displayer:u7|lpm_divide:Div1                                                                                                       ; work         ;
;          |lpm_divide_nvl:auto_generated|  ; 14 (0)      ; 0            ; 0          ; 0    ; 0            ; 14 (0)       ; 0 (0)             ; 0 (0)            ; 6 (0)           ; 0 (0)      ; |shootingGame|displayer:u7|lpm_divide:Div1|lpm_divide_nvl:auto_generated                                                                         ; work         ;
;             |sign_div_unsign_8kh:divider| ; 14 (0)      ; 0            ; 0          ; 0    ; 0            ; 14 (0)       ; 0 (0)             ; 0 (0)            ; 6 (0)           ; 0 (0)      ; |shootingGame|displayer:u7|lpm_divide:Div1|lpm_divide_nvl:auto_generated|sign_div_unsign_8kh:divider                                             ; work         ;
;                |alt_u_div_bie:divider|    ; 14 (8)      ; 0            ; 0          ; 0    ; 0            ; 14 (8)       ; 0 (0)             ; 0 (0)            ; 6 (0)           ; 0 (0)      ; |shootingGame|displayer:u7|lpm_divide:Div1|lpm_divide_nvl:auto_generated|sign_div_unsign_8kh:divider|alt_u_div_bie:divider                       ; work         ;
;                   |add_sub_h7c:add_sub_3| ; 6 (6)       ; 0            ; 0          ; 0    ; 0            ; 6 (6)        ; 0 (0)             ; 0 (0)            ; 6 (6)           ; 0 (0)      ; |shootingGame|displayer:u7|lpm_divide:Div1|lpm_divide_nvl:auto_generated|sign_div_unsign_8kh:divider|alt_u_div_bie:divider|add_sub_h7c:add_sub_3 ; work         ;
;       |lpm_divide:Div2|                   ; 32 (0)      ; 0            ; 0          ; 0    ; 0            ; 32 (0)       ; 0 (0)             ; 0 (0)            ; 18 (0)          ; 0 (0)      ; |shootingGame|displayer:u7|lpm_divide:Div2                                                                                                       ; work         ;
;          |lpm_divide_ovl:auto_generated|  ; 32 (0)      ; 0            ; 0          ; 0    ; 0            ; 32 (0)       ; 0 (0)             ; 0 (0)            ; 18 (0)          ; 0 (0)      ; |shootingGame|displayer:u7|lpm_divide:Div2|lpm_divide_ovl:auto_generated                                                                         ; work         ;
;             |sign_div_unsign_9kh:divider| ; 32 (0)      ; 0            ; 0          ; 0    ; 0            ; 32 (0)       ; 0 (0)             ; 0 (0)            ; 18 (0)          ; 0 (0)      ; |shootingGame|displayer:u7|lpm_divide:Div2|lpm_divide_ovl:auto_generated|sign_div_unsign_9kh:divider                                             ; work         ;
;                |alt_u_div_die:divider|    ; 32 (14)     ; 0            ; 0          ; 0    ; 0            ; 32 (14)      ; 0 (0)             ; 0 (0)            ; 18 (0)          ; 0 (0)      ; |shootingGame|displayer:u7|lpm_divide:Div2|lpm_divide_ovl:auto_generated|sign_div_unsign_9kh:divider|alt_u_div_die:divider                       ; work         ;
;                   |add_sub_h7c:add_sub_3| ; 6 (6)       ; 0            ; 0          ; 0    ; 0            ; 6 (6)        ; 0 (0)             ; 0 (0)            ; 6 (6)           ; 0 (0)      ; |shootingGame|displayer:u7|lpm_divide:Div2|lpm_divide_ovl:auto_generated|sign_div_unsign_9kh:divider|alt_u_div_die:divider|add_sub_h7c:add_sub_3 ; work         ;
;                   |add_sub_i7c:add_sub_4| ; 7 (7)       ; 0            ; 0          ; 0    ; 0            ; 7 (7)        ; 0 (0)             ; 0 (0)            ; 7 (7)           ; 0 (0)      ; |shootingGame|displayer:u7|lpm_divide:Div2|lpm_divide_ovl:auto_generated|sign_div_unsign_9kh:divider|alt_u_div_die:divider|add_sub_i7c:add_sub_4 ; work         ;
;                   |add_sub_i7c:add_sub_5| ; 5 (5)       ; 0            ; 0          ; 0    ; 0            ; 5 (5)        ; 0 (0)             ; 0 (0)            ; 5 (5)           ; 0 (0)      ; |shootingGame|displayer:u7|lpm_divide:Div2|lpm_divide_ovl:auto_generated|sign_div_unsign_9kh:divider|alt_u_div_die:divider|add_sub_i7c:add_sub_5 ; work         ;
;       |lpm_divide:Div3|                   ; 19 (0)      ; 0            ; 0          ; 0    ; 0            ; 19 (0)       ; 0 (0)             ; 0 (0)            ; 11 (0)          ; 0 (0)      ; |shootingGame|displayer:u7|lpm_divide:Div3                                                                                                       ; work         ;
;          |lpm_divide_nvl:auto_generated|  ; 19 (0)      ; 0            ; 0          ; 0    ; 0            ; 19 (0)       ; 0 (0)             ; 0 (0)            ; 11 (0)          ; 0 (0)      ; |shootingGame|displayer:u7|lpm_divide:Div3|lpm_divide_nvl:auto_generated                                                                         ; work         ;
;             |sign_div_unsign_8kh:divider| ; 19 (0)      ; 0            ; 0          ; 0    ; 0            ; 19 (0)       ; 0 (0)             ; 0 (0)            ; 11 (0)          ; 0 (0)      ; |shootingGame|displayer:u7|lpm_divide:Div3|lpm_divide_nvl:auto_generated|sign_div_unsign_8kh:divider                                             ; work         ;
;                |alt_u_div_bie:divider|    ; 19 (8)      ; 0            ; 0          ; 0    ; 0            ; 19 (8)       ; 0 (0)             ; 0 (0)            ; 11 (0)          ; 0 (0)      ; |shootingGame|displayer:u7|lpm_divide:Div3|lpm_divide_nvl:auto_generated|sign_div_unsign_8kh:divider|alt_u_div_bie:divider                       ; work         ;
;                   |add_sub_h7c:add_sub_3| ; 6 (6)       ; 0            ; 0          ; 0    ; 0            ; 6 (6)        ; 0 (0)             ; 0 (0)            ; 6 (6)           ; 0 (0)      ; |shootingGame|displayer:u7|lpm_divide:Div3|lpm_divide_nvl:auto_generated|sign_div_unsign_8kh:divider|alt_u_div_bie:divider|add_sub_h7c:add_sub_3 ; work         ;
;                   |add_sub_i7c:add_sub_4| ; 5 (5)       ; 0            ; 0          ; 0    ; 0            ; 5 (5)        ; 0 (0)             ; 0 (0)            ; 5 (5)           ; 0 (0)      ; |shootingGame|displayer:u7|lpm_divide:Div3|lpm_divide_nvl:auto_generated|sign_div_unsign_8kh:divider|alt_u_div_bie:divider|add_sub_i7c:add_sub_4 ; work         ;
;       |lpm_divide:Mod0|                   ; 32 (0)      ; 0            ; 0          ; 0    ; 0            ; 32 (0)       ; 0 (0)             ; 0 (0)            ; 18 (0)          ; 0 (0)      ; |shootingGame|displayer:u7|lpm_divide:Mod0                                                                                                       ; work         ;
;          |lpm_divide_tnl:auto_generated|  ; 32 (0)      ; 0            ; 0          ; 0    ; 0            ; 32 (0)       ; 0 (0)             ; 0 (0)            ; 18 (0)          ; 0 (0)      ; |shootingGame|displayer:u7|lpm_divide:Mod0|lpm_divide_tnl:auto_generated                                                                         ; work         ;
;             |sign_div_unsign_bkh:divider| ; 32 (0)      ; 0            ; 0          ; 0    ; 0            ; 32 (0)       ; 0 (0)             ; 0 (0)            ; 18 (0)          ; 0 (0)      ; |shootingGame|displayer:u7|lpm_divide:Mod0|lpm_divide_tnl:auto_generated|sign_div_unsign_bkh:divider                                             ; work         ;
;                |alt_u_div_hie:divider|    ; 32 (14)     ; 0            ; 0          ; 0    ; 0            ; 32 (14)      ; 0 (0)             ; 0 (0)            ; 18 (0)          ; 0 (0)      ; |shootingGame|displayer:u7|lpm_divide:Mod0|lpm_divide_tnl:auto_generated|sign_div_unsign_bkh:divider|alt_u_div_hie:divider                       ; work         ;
;                   |add_sub_h7c:add_sub_3| ; 5 (5)       ; 0            ; 0          ; 0    ; 0            ; 5 (5)        ; 0 (0)             ; 0 (0)            ; 5 (5)           ; 0 (0)      ; |shootingGame|displayer:u7|lpm_divide:Mod0|lpm_divide_tnl:auto_generated|sign_div_unsign_bkh:divider|alt_u_div_hie:divider|add_sub_h7c:add_sub_3 ; work         ;
;                   |add_sub_i7c:add_sub_4| ; 6 (6)       ; 0            ; 0          ; 0    ; 0            ; 6 (6)        ; 0 (0)             ; 0 (0)            ; 6 (6)           ; 0 (0)      ; |shootingGame|displayer:u7|lpm_divide:Mod0|lpm_divide_tnl:auto_generated|sign_div_unsign_bkh:divider|alt_u_div_hie:divider|add_sub_i7c:add_sub_4 ; work         ;
;                   |add_sub_j7c:add_sub_5| ; 7 (7)       ; 0            ; 0          ; 0    ; 0            ; 7 (7)        ; 0 (0)             ; 0 (0)            ; 7 (7)           ; 0 (0)      ; |shootingGame|displayer:u7|lpm_divide:Mod0|lpm_divide_tnl:auto_generated|sign_div_unsign_bkh:divider|alt_u_div_hie:divider|add_sub_j7c:add_sub_5 ; work         ;
;       |lpm_divide:Mod1|                   ; 17 (0)      ; 0            ; 0          ; 0    ; 0            ; 17 (0)       ; 0 (0)             ; 0 (0)            ; 11 (0)          ; 0 (0)      ; |shootingGame|displayer:u7|lpm_divide:Mod1                                                                                                       ; work         ;
;          |lpm_divide_rnl:auto_generated|  ; 17 (0)      ; 0            ; 0          ; 0    ; 0            ; 17 (0)       ; 0 (0)             ; 0 (0)            ; 11 (0)          ; 0 (0)      ; |shootingGame|displayer:u7|lpm_divide:Mod1|lpm_divide_rnl:auto_generated                                                                         ; work         ;
;             |sign_div_unsign_akh:divider| ; 17 (0)      ; 0            ; 0          ; 0    ; 0            ; 17 (0)       ; 0 (0)             ; 0 (0)            ; 11 (0)          ; 0 (0)      ; |shootingGame|displayer:u7|lpm_divide:Mod1|lpm_divide_rnl:auto_generated|sign_div_unsign_akh:divider                                             ; work         ;
;                |alt_u_div_eie:divider|    ; 17 (6)      ; 0            ; 0          ; 0    ; 0            ; 17 (6)       ; 0 (0)             ; 0 (0)            ; 11 (0)          ; 0 (0)      ; |shootingGame|displayer:u7|lpm_divide:Mod1|lpm_divide_rnl:auto_generated|sign_div_unsign_akh:divider|alt_u_div_eie:divider                       ; work         ;
;                   |add_sub_h7c:add_sub_3| ; 5 (5)       ; 0            ; 0          ; 0    ; 0            ; 5 (5)        ; 0 (0)             ; 0 (0)            ; 5 (5)           ; 0 (0)      ; |shootingGame|displayer:u7|lpm_divide:Mod1|lpm_divide_rnl:auto_generated|sign_div_unsign_akh:divider|alt_u_div_eie:divider|add_sub_h7c:add_sub_3 ; work         ;
;                   |add_sub_i7c:add_sub_4| ; 6 (6)       ; 0            ; 0          ; 0    ; 0            ; 6 (6)        ; 0 (0)             ; 0 (0)            ; 6 (6)           ; 0 (0)      ; |shootingGame|displayer:u7|lpm_divide:Mod1|lpm_divide_rnl:auto_generated|sign_div_unsign_akh:divider|alt_u_div_eie:divider|add_sub_i7c:add_sub_4 ; work         ;
;       |lpm_divide:Mod2|                   ; 32 (0)      ; 0            ; 0          ; 0    ; 0            ; 32 (0)       ; 0 (0)             ; 0 (0)            ; 18 (0)          ; 0 (0)      ; |shootingGame|displayer:u7|lpm_divide:Mod2                                                                                                       ; work         ;
;          |lpm_divide_tnl:auto_generated|  ; 32 (0)      ; 0            ; 0          ; 0    ; 0            ; 32 (0)       ; 0 (0)             ; 0 (0)            ; 18 (0)          ; 0 (0)      ; |shootingGame|displayer:u7|lpm_divide:Mod2|lpm_divide_tnl:auto_generated                                                                         ; work         ;
;             |sign_div_unsign_bkh:divider| ; 32 (0)      ; 0            ; 0          ; 0    ; 0            ; 32 (0)       ; 0 (0)             ; 0 (0)            ; 18 (0)          ; 0 (0)      ; |shootingGame|displayer:u7|lpm_divide:Mod2|lpm_divide_tnl:auto_generated|sign_div_unsign_bkh:divider                                             ; work         ;
;                |alt_u_div_hie:divider|    ; 32 (14)     ; 0            ; 0          ; 0    ; 0            ; 32 (14)      ; 0 (0)             ; 0 (0)            ; 18 (0)          ; 0 (0)      ; |shootingGame|displayer:u7|lpm_divide:Mod2|lpm_divide_tnl:auto_generated|sign_div_unsign_bkh:divider|alt_u_div_hie:divider                       ; work         ;
;                   |add_sub_h7c:add_sub_3| ; 5 (5)       ; 0            ; 0          ; 0    ; 0            ; 5 (5)        ; 0 (0)             ; 0 (0)            ; 5 (5)           ; 0 (0)      ; |shootingGame|displayer:u7|lpm_divide:Mod2|lpm_divide_tnl:auto_generated|sign_div_unsign_bkh:divider|alt_u_div_hie:divider|add_sub_h7c:add_sub_3 ; work         ;
;                   |add_sub_i7c:add_sub_4| ; 6 (6)       ; 0            ; 0          ; 0    ; 0            ; 6 (6)        ; 0 (0)             ; 0 (0)            ; 6 (6)           ; 0 (0)      ; |shootingGame|displayer:u7|lpm_divide:Mod2|lpm_divide_tnl:auto_generated|sign_div_unsign_bkh:divider|alt_u_div_hie:divider|add_sub_i7c:add_sub_4 ; work         ;
;                   |add_sub_j7c:add_sub_5| ; 7 (7)       ; 0            ; 0          ; 0    ; 0            ; 7 (7)        ; 0 (0)             ; 0 (0)            ; 7 (7)           ; 0 (0)      ; |shootingGame|displayer:u7|lpm_divide:Mod2|lpm_divide_tnl:auto_generated|sign_div_unsign_bkh:divider|alt_u_div_hie:divider|add_sub_j7c:add_sub_5 ; work         ;
;       |lpm_divide:Mod3|                   ; 17 (0)      ; 0            ; 0          ; 0    ; 0            ; 17 (0)       ; 0 (0)             ; 0 (0)            ; 11 (0)          ; 0 (0)      ; |shootingGame|displayer:u7|lpm_divide:Mod3                                                                                                       ; work         ;
;          |lpm_divide_rnl:auto_generated|  ; 17 (0)      ; 0            ; 0          ; 0    ; 0            ; 17 (0)       ; 0 (0)             ; 0 (0)            ; 11 (0)          ; 0 (0)      ; |shootingGame|displayer:u7|lpm_divide:Mod3|lpm_divide_rnl:auto_generated                                                                         ; work         ;
;             |sign_div_unsign_akh:divider| ; 17 (0)      ; 0            ; 0          ; 0    ; 0            ; 17 (0)       ; 0 (0)             ; 0 (0)            ; 11 (0)          ; 0 (0)      ; |shootingGame|displayer:u7|lpm_divide:Mod3|lpm_divide_rnl:auto_generated|sign_div_unsign_akh:divider                                             ; work         ;
;                |alt_u_div_eie:divider|    ; 17 (6)      ; 0            ; 0          ; 0    ; 0            ; 17 (6)       ; 0 (0)             ; 0 (0)            ; 11 (0)          ; 0 (0)      ; |shootingGame|displayer:u7|lpm_divide:Mod3|lpm_divide_rnl:auto_generated|sign_div_unsign_akh:divider|alt_u_div_eie:divider                       ; work         ;
;                   |add_sub_h7c:add_sub_3| ; 5 (5)       ; 0            ; 0          ; 0    ; 0            ; 5 (5)        ; 0 (0)             ; 0 (0)            ; 5 (5)           ; 0 (0)      ; |shootingGame|displayer:u7|lpm_divide:Mod3|lpm_divide_rnl:auto_generated|sign_div_unsign_akh:divider|alt_u_div_eie:divider|add_sub_h7c:add_sub_3 ; work         ;
;                   |add_sub_i7c:add_sub_4| ; 6 (6)       ; 0            ; 0          ; 0    ; 0            ; 6 (6)        ; 0 (0)             ; 0 (0)            ; 6 (6)           ; 0 (0)      ; |shootingGame|displayer:u7|lpm_divide:Mod3|lpm_divide_rnl:auto_generated|sign_div_unsign_akh:divider|alt_u_div_eie:divider|add_sub_i7c:add_sub_4 ; work         ;
;    |initGun:u4|                           ; 46 (46)     ; 32           ; 0          ; 0    ; 0            ; 14 (14)      ; 3 (3)             ; 29 (29)          ; 25 (25)         ; 0 (0)      ; |shootingGame|initGun:u4                                                                                                                         ; work         ;
;    |mainGame:u5|                          ; 280 (280)   ; 157          ; 0          ; 0    ; 0            ; 123 (123)    ; 14 (14)           ; 143 (143)        ; 132 (132)       ; 0 (0)      ; |shootingGame|mainGame:u5                                                                                                                        ; work         ;
;    |musicPlayer:u9|                       ; 306 (306)   ; 102          ; 0          ; 0    ; 0            ; 204 (204)    ; 6 (6)             ; 96 (96)          ; 85 (85)         ; 0 (0)      ; |shootingGame|musicPlayer:u9                                                                                                                     ; work         ;
;    |result:u6|                            ; 13 (13)     ; 12           ; 0          ; 0    ; 0            ; 1 (1)        ; 5 (5)             ; 7 (7)            ; 5 (5)           ; 0 (0)      ; |shootingGame|result:u6                                                                                                                          ; work         ;
;    |systemController:u1|                  ; 10 (10)     ; 0            ; 0          ; 0    ; 0            ; 10 (10)      ; 0 (0)             ; 0 (0)            ; 0 (0)           ; 0 (0)      ; |shootingGame|systemController:u1                                                                                                                ; work         ;
;    |waitGame:u3|                          ; 1 (1)       ; 1            ; 0          ; 0    ; 0            ; 0 (0)        ; 0 (0)             ; 1 (1)            ; 0 (0)           ; 0 (0)      ; |shootingGame|waitGame:u3                                                                                                                        ; work         ;
+-------------------------------------------+-------------+--------------+------------+------+--------------+--------------+-------------------+------------------+-----------------+------------+--------------------------------------------------------------------------------------------------------------------------------------------------+--------------+
Note: For table entries with two numbers listed, the numbers in parentheses indicate the number of resources of the given type used by the specific entity alone. The numbers listed outside of parentheses indicate the total resources of the given type used by the specific entity and all of its sub-entities in the hierarchy.


+-------------------------------------------------------------------------------------------------------------+
; User-Specified and Inferred Latches                                                                         ;
+----------------------------------------------------+-------------------------------+------------------------+
; Latch Name                                         ; Latch Enable Signal           ; Free of Timing Hazards ;
+----------------------------------------------------+-------------------------------+------------------------+
; systemController:u1|FLG_INIT                       ; systemController:u1|process_0 ; yes                    ;
; systemController:u1|FLG_CHK                        ; systemController:u1|process_0 ; yes                    ;
; systemController:u1|FLG_WT                         ; systemController:u1|process_0 ; yes                    ;
; Number of user-specified and inferred latches = 3  ;                               ;                        ;
+----------------------------------------------------+-------------------------------+------------------------+
Note: All latches listed above may not be present at the end of synthesis due to various synthesis optimizations.


+-----------------------------------------------------------------------------------+
; Registers Removed During Synthesis                                                ;
+----------------------------------------+------------------------------------------+
; Register name                          ; Reason for Removal                       ;
+----------------------------------------+------------------------------------------+
; mainGame:u5|targetSpeed[1..4]          ; Merged with mainGame:u5|targetSpeed[0]   ;
; displayer:u7|binaryScore2[7]           ; Stuck at GND due to stuck port data_in   ;
; displayer:u7|binaryScore1[6..7]        ; Stuck at GND due to stuck port data_in   ;
; displayer:u7|binaryTime2[7]            ; Stuck at GND due to stuck port data_in   ;
; displayer:u7|binaryTime1[7]            ; Stuck at GND due to stuck port data_in   ;
; displayer:u7|binaryScore1[0,3..4]      ; Merged with displayer:u7|binaryScore1[5] ;
; displayer:u7|binaryTime1[1]            ; Merged with displayer:u7|binaryScore1[2] ;
; displayer:u7|binaryScore1[1]           ; Merged with displayer:u7|binaryScore1[2] ;
; displayer:u7|binaryTime1[0]            ; Merged with displayer:u7|binaryTime1[3]  ;
; mainGame:u5|targetSpeed[0]             ; Stuck at VCC due to stuck port data_in   ;
; displayer:u7|binaryScore1[2]           ; Stuck at VCC due to stuck port data_in   ;
; displayer:u7|rowInitCnt[0]             ; Merged with displayer:u7|clkInitCnt[0]   ;
; Total Number of Removed Registers = 18 ;                                          ;
+----------------------------------------+------------------------------------------+


+------------------------------------------------------+
; General Register Statistics                          ;
+----------------------------------------------+-------+
; Statistic                                    ; Value ;
+----------------------------------------------+-------+
; Total registers                              ; 488   ;
; Number of registers using Synchronous Clear  ; 238   ;
; Number of registers using Synchronous Load   ; 156   ;
; Number of registers using Asynchronous Clear ; 0     ;
; Number of registers using Asynchronous Load  ; 0     ;
; Number of registers using Clock Enable       ; 264   ;
; Number of registers using Preset             ; 0     ;
+----------------------------------------------+-------+


+---------------------------------------------------+
; Inverted Register Statistics                      ;
+-----------------------------------------+---------+
; Inverted Register                       ; Fan out ;
+-----------------------------------------+---------+
; mainGame:u5|timeLeft[3]                 ; 3       ;
; mainGame:u5|timeLeft[5]                 ; 3       ;
; mainGame:u5|STATE_GAME_TIME_LEFT[3]     ; 8       ;
; mainGame:u5|targetSpeed[5]              ; 4       ;
; mainGame:u5|targetSpeed[8]              ; 4       ;
; mainGame:u5|targetSpeed[9]              ; 4       ;
; mainGame:u5|targetSpeed[11]             ; 4       ;
; mainGame:u5|targetSpeed[14]             ; 4       ;
; mainGame:u5|targetSpeed[18]             ; 4       ;
; mainGame:u5|targetSpeed[19]             ; 4       ;
; mainGame:u5|targetSpeed[22]             ; 4       ;
; mainGame:u5|STATE_GAME_TIME_LEFT[5]     ; 6       ;
; Total number of inverted registers = 12 ;         ;
+-----------------------------------------+---------+


+------------------------------------------------------------------------------------------------------------------------------------------------------------+
; Multiplexer Restructuring Statistics (Restructuring Performed)                                                                                             ;
+--------------------+-----------+---------------+----------------------+------------------------+------------+----------------------------------------------+
; Multiplexer Inputs ; Bus Width ; Baseline Area ; Area if Restructured ; Saving if Restructured ; Registered ; Example Multiplexer Output                   ;
+--------------------+-----------+---------------+----------------------+------------------------+------------+----------------------------------------------+
; 3:1                ; 5 bits    ; 10 LEs        ; 0 LEs                ; 10 LEs                 ; Yes        ; |shootingGame|displayer:u7|binaryScore2[2]   ;
; 3:1                ; 12 bits   ; 24 LEs        ; 12 LEs               ; 12 LEs                 ; Yes        ; |shootingGame|displayer:u7|digitTime1[0]     ;
; 3:1                ; 4 bits    ; 8 LEs         ; 4 LEs                ; 4 LEs                  ; Yes        ; |shootingGame|displayer:u7|CAT_OUT[3]        ;
; 3:1                ; 24 bits   ; 48 LEs        ; 24 LEs               ; 24 LEs                 ; Yes        ; |shootingGame|autoCheck:u2|clkCnt[12]        ;
; 3:1                ; 8 bits    ; 16 LEs        ; 8 LEs                ; 8 LEs                  ; Yes        ; |shootingGame|displayer:u7|clkGameCnt[1]     ;
; 4:1                ; 2 bits    ; 4 LEs         ; 2 LEs                ; 2 LEs                  ; Yes        ; |shootingGame|autoCheck:u2|scanCnt[0]        ;
; 4:1                ; 3 bits    ; 6 LEs         ; 3 LEs                ; 3 LEs                  ; Yes        ; |shootingGame|autoCheck:u2|rowCnt[2]         ;
; 4:1                ; 3 bits    ; 6 LEs         ; 3 LEs                ; 3 LEs                  ; Yes        ; |shootingGame|displayer:u7|rowGameCnt[0]     ;
; 5:1                ; 2 bits    ; 6 LEs         ; 6 LEs                ; 0 LEs                  ; Yes        ; |shootingGame|displayer:u7|COLR_OUT[0]       ;
; 6:1                ; 6 bits    ; 24 LEs        ; 12 LEs               ; 12 LEs                 ; Yes        ; |shootingGame|displayer:u7|ROW_OUT[2]        ;
; 6:1                ; 3 bits    ; 12 LEs        ; 9 LEs                ; 3 LEs                  ; Yes        ; |shootingGame|displayer:u7|COLG_OUT[3]       ;
; 9:1                ; 2 bits    ; 12 LEs        ; 8 LEs                ; 4 LEs                  ; Yes        ; |shootingGame|displayer:u7|binaryTime2[4]    ;
; 9:1                ; 2 bits    ; 12 LEs        ; 8 LEs                ; 4 LEs                  ; Yes        ; |shootingGame|displayer:u7|binaryScore2[4]   ;
; 6:1                ; 2 bits    ; 8 LEs         ; 4 LEs                ; 4 LEs                  ; Yes        ; |shootingGame|mainGame:u5|FLG_BULLET_MISS    ;
; 7:1                ; 2 bits    ; 8 LEs         ; 8 LEs                ; 0 LEs                  ; Yes        ; |shootingGame|displayer:u7|ROW_OUT[0]        ;
; 11:1               ; 4 bits    ; 28 LEs        ; 20 LEs               ; 8 LEs                  ; Yes        ; |shootingGame|displayer:u7|binaryTime2[3]    ;
; 11:1               ; 4 bits    ; 28 LEs        ; 20 LEs               ; 8 LEs                  ; Yes        ; |shootingGame|displayer:u7|binaryScore2[6]   ;
; 7:1                ; 2 bits    ; 8 LEs         ; 2 LEs                ; 6 LEs                  ; Yes        ; |shootingGame|musicPlayer:u9|loseMusicCnt[0] ;
; 6:1                ; 24 bits   ; 96 LEs        ; 24 LEs               ; 72 LEs                 ; Yes        ; |shootingGame|musicPlayer:u9|musicCnt[16]    ;
; 7:1                ; 2 bits    ; 8 LEs         ; 2 LEs                ; 6 LEs                  ; Yes        ; |shootingGame|musicPlayer:u9|winMusicCnt[1]  ;
; 8:1                ; 5 bits    ; 25 LEs        ; 5 LEs                ; 20 LEs                 ; Yes        ; |shootingGame|musicPlayer:u9|gameMusicCnt[4] ;
; 8:1                ; 22 bits   ; 110 LEs       ; 22 LEs               ; 88 LEs                 ; Yes        ; |shootingGame|musicPlayer:u9|soundCnt[5]     ;
; 9:1                ; 3 bits    ; 18 LEs        ; 3 LEs                ; 15 LEs                 ; Yes        ; |shootingGame|musicPlayer:u9|stateMiss[1]    ;
; 10:1               ; 5 bits    ; 30 LEs        ; 20 LEs               ; 10 LEs                 ; Yes        ; |shootingGame|displayer:u7|DIGIT_OUT[5]      ;
; 10:1               ; 3 bits    ; 18 LEs        ; 3 LEs                ; 15 LEs                 ; Yes        ; |shootingGame|musicPlayer:u9|stateGet[0]     ;
; 10:1               ; 17 bits   ; 102 LEs       ; 17 LEs               ; 85 LEs                 ; Yes        ; |shootingGame|musicPlayer:u9|toneCnt[6]      ;
; 53:1               ; 8 bits    ; 280 LEs       ; 248 LEs              ; 32 LEs                 ; Yes        ; |shootingGame|musicPlayer:u9|toneFreq[6]     ;
; 22:1               ; 2 bits    ; 28 LEs        ; 22 LEs               ; 6 LEs                  ; Yes        ; |shootingGame|displayer:u7|COLR_OUT[6]       ;
; 20:1               ; 2 bits    ; 26 LEs        ; 20 LEs               ; 6 LEs                  ; Yes        ; |shootingGame|displayer:u7|COLR_OUT[5]       ;
; 61:1               ; 2 bits    ; 80 LEs        ; 62 LEs               ; 18 LEs                 ; Yes        ; |shootingGame|musicPlayer:u9|toneFreq[12]    ;
; 3:1                ; 25 bits   ; 50 LEs        ; 25 LEs               ; 25 LEs                 ; No         ; |shootingGame|initGun:u4|clkCnt              ;
; 3:1                ; 3 bits    ; 6 LEs         ; 6 LEs                ; 0 LEs                  ; No         ; |shootingGame|initGun:u4|stateCnt            ;
; 3:1                ; 26 bits   ; 52 LEs        ; 26 LEs               ; 26 LEs                 ; No         ; |shootingGame|mainGame:u5|clkSecondsCnt      ;
; 3:1                ; 26 bits   ; 52 LEs        ; 26 LEs               ; 26 LEs                 ; No         ; |shootingGame|mainGame:u5|clkTargetCnt       ;
; 3:1                ; 20 bits   ; 40 LEs        ; 20 LEs               ; 20 LEs                 ; No         ; |shootingGame|mainGame:u5|clkButtonCheckCnt  ;
; 4:1                ; 23 bits   ; 46 LEs        ; 23 LEs               ; 23 LEs                 ; No         ; |shootingGame|mainGame:u5|clkBulletCnt       ;
; 4:1                ; 4 bits    ; 8 LEs         ; 8 LEs                ; 0 LEs                  ; No         ; |shootingGame|mainGame:u5|targetPosition     ;
; 4:1                ; 6 bits    ; 12 LEs        ; 6 LEs                ; 6 LEs                  ; No         ; |shootingGame|mainGame:u5|timeLeft           ;
; 4:1                ; 2 bits    ; 4 LEs         ; 2 LEs                ; 2 LEs                  ; No         ; |shootingGame|systemController:u1|FLG_GAME   ;
; 5:1                ; 2 bits    ; 6 LEs         ; 4 LEs                ; 2 LEs                  ; No         ; |shootingGame|mainGame:u5|bulletPosition     ;
; 7:1                ; 21 bits   ; 84 LEs        ; 21 LEs               ; 63 LEs                 ; No         ; |shootingGame|mainGame:u5|targetSpeed        ;
; 8:1                ; 4 bits    ; 20 LEs        ; 8 LEs                ; 12 LEs                 ; No         ; |shootingGame|mainGame:u5|score              ;
+--------------------+-----------+---------------+----------------------+------------------------+------------+----------------------------------------------+


+---------------------------------------------------------------------------------+
; Parameter Settings for Inferred Entity Instance: displayer:u7|lpm_mult:Mult0    ;
+------------------------------------------------+----------+---------------------+
; Parameter Name                                 ; Value    ; Type                ;
+------------------------------------------------+----------+---------------------+
; AUTO_CARRY_CHAINS                              ; ON       ; AUTO_CARRY          ;
; IGNORE_CARRY_BUFFERS                           ; OFF      ; IGNORE_CARRY        ;
; AUTO_CASCADE_CHAINS                            ; ON       ; AUTO_CASCADE        ;
; IGNORE_CASCADE_BUFFERS                         ; OFF      ; IGNORE_CASCADE      ;
; LPM_WIDTHA                                     ; 3        ; Untyped             ;
; LPM_WIDTHB                                     ; 7        ; Untyped             ;
; LPM_WIDTHP                                     ; 10       ; Untyped             ;
; LPM_WIDTHR                                     ; 10       ; Untyped             ;
; LPM_WIDTHS                                     ; 1        ; Untyped             ;
; LPM_REPRESENTATION                             ; UNSIGNED ; Untyped             ;
; LPM_PIPELINE                                   ; 0        ; Untyped             ;
; LATENCY                                        ; 0        ; Untyped             ;
; INPUT_A_IS_CONSTANT                            ; NO       ; Untyped             ;
; INPUT_B_IS_CONSTANT                            ; YES      ; Untyped             ;
; USE_EAB                                        ; OFF      ; Untyped             ;
; MAXIMIZE_SPEED                                 ; 5        ; Untyped             ;
; DEVICE_FAMILY                                  ; MAX II   ; Untyped             ;
; CARRY_CHAIN                                    ; MANUAL   ; Untyped             ;
; APEX20K_TECHNOLOGY_MAPPER                      ; LUT      ; TECH_MAPPER_APEX20K ;
; DEDICATED_MULTIPLIER_CIRCUITRY                 ; AUTO     ; Untyped             ;
; DEDICATED_MULTIPLIER_MIN_INPUT_WIDTH_FOR_AUTO  ; 0        ; Untyped             ;
; DEDICATED_MULTIPLIER_MIN_OUTPUT_WIDTH_FOR_AUTO ; 0        ; Untyped             ;
; CBXI_PARAMETER                                 ; NOTHING  ; Untyped             ;
; INPUT_A_FIXED_VALUE                            ; Bx       ; Untyped             ;
; INPUT_B_FIXED_VALUE                            ; Bx       ; Untyped             ;
; USE_AHDL_IMPLEMENTATION                        ; OFF      ; Untyped             ;
+------------------------------------------------+----------+---------------------+
Note: In order to hide this table in the UI and the text report file, please set the "Show Parameter Settings Tables in Synthesis Report" option in "Analysis and Synthesis Settings -> More Settings" to "Off".


+-------------------------------------------------------------------------------+
; Parameter Settings for Inferred Entity Instance: displayer:u7|lpm_divide:Div0 ;
+------------------------+----------------+-------------------------------------+
; Parameter Name         ; Value          ; Type                                ;
+------------------------+----------------+-------------------------------------+
; LPM_WIDTHN             ; 6              ; Untyped                             ;
; LPM_WIDTHD             ; 4              ; Untyped                             ;
; LPM_NREPRESENTATION    ; UNSIGNED       ; Untyped                             ;
; LPM_DREPRESENTATION    ; UNSIGNED       ; Untyped                             ;
; LPM_PIPELINE           ; 0              ; Untyped                             ;
; LPM_REMAINDERPOSITIVE  ; TRUE           ; Untyped                             ;
; MAXIMIZE_SPEED         ; 5              ; Untyped                             ;
; CBXI_PARAMETER         ; lpm_divide_ovl ; Untyped                             ;
; CARRY_CHAIN            ; MANUAL         ; Untyped                             ;
; OPTIMIZE_FOR_SPEED     ; 5              ; Untyped                             ;
; AUTO_CARRY_CHAINS      ; ON             ; AUTO_CARRY                          ;
; IGNORE_CARRY_BUFFERS   ; OFF            ; IGNORE_CARRY                        ;
; AUTO_CASCADE_CHAINS    ; ON             ; AUTO_CASCADE                        ;
; IGNORE_CASCADE_BUFFERS ; OFF            ; IGNORE_CASCADE                      ;
+------------------------+----------------+-------------------------------------+
Note: In order to hide this table in the UI and the text report file, please set the "Show Parameter Settings Tables in Synthesis Report" option in "Analysis and Synthesis Settings -> More Settings" to "Off".


+-------------------------------------------------------------------------------+
; Parameter Settings for Inferred Entity Instance: displayer:u7|lpm_divide:Div2 ;
+------------------------+----------------+-------------------------------------+
; Parameter Name         ; Value          ; Type                                ;
+------------------------+----------------+-------------------------------------+
; LPM_WIDTHN             ; 6              ; Untyped                             ;
; LPM_WIDTHD             ; 4              ; Untyped                             ;
; LPM_NREPRESENTATION    ; UNSIGNED       ; Untyped                             ;
; LPM_DREPRESENTATION    ; UNSIGNED       ; Untyped                             ;
; LPM_PIPELINE           ; 0              ; Untyped                             ;
; LPM_REMAINDERPOSITIVE  ; TRUE           ; Untyped                             ;
; MAXIMIZE_SPEED         ; 5              ; Untyped                             ;
; CBXI_PARAMETER         ; lpm_divide_ovl ; Untyped                             ;
; CARRY_CHAIN            ; MANUAL         ; Untyped                             ;
; OPTIMIZE_FOR_SPEED     ; 5              ; Untyped                             ;
; AUTO_CARRY_CHAINS      ; ON             ; AUTO_CARRY                          ;
; IGNORE_CARRY_BUFFERS   ; OFF            ; IGNORE_CARRY                        ;
; AUTO_CASCADE_CHAINS    ; ON             ; AUTO_CASCADE                        ;
; IGNORE_CASCADE_BUFFERS ; OFF            ; IGNORE_CASCADE                      ;
+------------------------+----------------+-------------------------------------+
Note: In order to hide this table in the UI and the text report file, please set the "Show Parameter Settings Tables in Synthesis Report" option in "Analysis and Synthesis Settings -> More Settings" to "Off".


+-------------------------------------------------------------------------------+
; Parameter Settings for Inferred Entity Instance: displayer:u7|lpm_divide:Mod0 ;
+------------------------+----------------+-------------------------------------+
; Parameter Name         ; Value          ; Type                                ;
+------------------------+----------------+-------------------------------------+
; LPM_WIDTHN             ; 6              ; Untyped                             ;
; LPM_WIDTHD             ; 6              ; Untyped                             ;
; LPM_NREPRESENTATION    ; UNSIGNED       ; Untyped                             ;
; LPM_DREPRESENTATION    ; UNSIGNED       ; Untyped                             ;
; LPM_PIPELINE           ; 0              ; Untyped                             ;
; LPM_REMAINDERPOSITIVE  ; TRUE           ; Untyped                             ;
; MAXIMIZE_SPEED         ; 5              ; Untyped                             ;
; CBXI_PARAMETER         ; lpm_divide_tnl ; Untyped                             ;
; CARRY_CHAIN            ; MANUAL         ; Untyped                             ;
; OPTIMIZE_FOR_SPEED     ; 5              ; Untyped                             ;
; AUTO_CARRY_CHAINS      ; ON             ; AUTO_CARRY                          ;
; IGNORE_CARRY_BUFFERS   ; OFF            ; IGNORE_CARRY                        ;
; AUTO_CASCADE_CHAINS    ; ON             ; AUTO_CASCADE                        ;
; IGNORE_CASCADE_BUFFERS ; OFF            ; IGNORE_CASCADE                      ;
+------------------------+----------------+-------------------------------------+
Note: In order to hide this table in the UI and the text report file, please set the "Show Parameter Settings Tables in Synthesis Report" option in "Analysis and Synthesis Settings -> More Settings" to "Off".


+-------------------------------------------------------------------------------+
; Parameter Settings for Inferred Entity Instance: displayer:u7|lpm_divide:Mod2 ;
+------------------------+----------------+-------------------------------------+
; Parameter Name         ; Value          ; Type                                ;
+------------------------+----------------+-------------------------------------+
; LPM_WIDTHN             ; 6              ; Untyped                             ;
; LPM_WIDTHD             ; 6              ; Untyped                             ;
; LPM_NREPRESENTATION    ; UNSIGNED       ; Untyped                             ;
; LPM_DREPRESENTATION    ; UNSIGNED       ; Untyped                             ;
; LPM_PIPELINE           ; 0              ; Untyped                             ;
; LPM_REMAINDERPOSITIVE  ; TRUE           ; Untyped                             ;
; MAXIMIZE_SPEED         ; 5              ; Untyped                             ;
; CBXI_PARAMETER         ; lpm_divide_tnl ; Untyped                             ;
; CARRY_CHAIN            ; MANUAL         ; Untyped                             ;
; OPTIMIZE_FOR_SPEED     ; 5              ; Untyped                             ;
; AUTO_CARRY_CHAINS      ; ON             ; AUTO_CARRY                          ;
; IGNORE_CARRY_BUFFERS   ; OFF            ; IGNORE_CARRY                        ;
; AUTO_CASCADE_CHAINS    ; ON             ; AUTO_CASCADE                        ;
; IGNORE_CASCADE_BUFFERS ; OFF            ; IGNORE_CASCADE                      ;
+------------------------+----------------+-------------------------------------+
Note: In order to hide this table in the UI and the text report file, please set the "Show Parameter Settings Tables in Synthesis Report" option in "Analysis and Synthesis Settings -> More Settings" to "Off".


+-------------------------------------------------------------------------------+
; Parameter Settings for Inferred Entity Instance: displayer:u7|lpm_divide:Mod1 ;
+------------------------+----------------+-------------------------------------+
; Parameter Name         ; Value          ; Type                                ;
+------------------------+----------------+-------------------------------------+
; LPM_WIDTHN             ; 5              ; Untyped                             ;
; LPM_WIDTHD             ; 5              ; Untyped                             ;
; LPM_NREPRESENTATION    ; UNSIGNED       ; Untyped                             ;
; LPM_DREPRESENTATION    ; UNSIGNED       ; Untyped                             ;
; LPM_PIPELINE           ; 0              ; Untyped                             ;
; LPM_REMAINDERPOSITIVE  ; TRUE           ; Untyped                             ;
; MAXIMIZE_SPEED         ; 5              ; Untyped                             ;
; CBXI_PARAMETER         ; lpm_divide_rnl ; Untyped                             ;
; CARRY_CHAIN            ; MANUAL         ; Untyped                             ;
; OPTIMIZE_FOR_SPEED     ; 5              ; Untyped                             ;
; AUTO_CARRY_CHAINS      ; ON             ; AUTO_CARRY                          ;
; IGNORE_CARRY_BUFFERS   ; OFF            ; IGNORE_CARRY                        ;
; AUTO_CASCADE_CHAINS    ; ON             ; AUTO_CASCADE                        ;
; IGNORE_CASCADE_BUFFERS ; OFF            ; IGNORE_CASCADE                      ;
+------------------------+----------------+-------------------------------------+
Note: In order to hide this table in the UI and the text report file, please set the "Show Parameter Settings Tables in Synthesis Report" option in "Analysis and Synthesis Settings -> More Settings" to "Off".


+-------------------------------------------------------------------------------+
; Parameter Settings for Inferred Entity Instance: displayer:u7|lpm_divide:Mod3 ;
+------------------------+----------------+-------------------------------------+
; Parameter Name         ; Value          ; Type                                ;
+------------------------+----------------+-------------------------------------+
; LPM_WIDTHN             ; 5              ; Untyped                             ;
; LPM_WIDTHD             ; 5              ; Untyped                             ;
; LPM_NREPRESENTATION    ; UNSIGNED       ; Untyped                             ;
; LPM_DREPRESENTATION    ; UNSIGNED       ; Untyped                             ;
; LPM_PIPELINE           ; 0              ; Untyped                             ;
; LPM_REMAINDERPOSITIVE  ; TRUE           ; Untyped                             ;
; MAXIMIZE_SPEED         ; 5              ; Untyped                             ;
; CBXI_PARAMETER         ; lpm_divide_rnl ; Untyped                             ;
; CARRY_CHAIN            ; MANUAL         ; Untyped                             ;
; OPTIMIZE_FOR_SPEED     ; 5              ; Untyped                             ;
; AUTO_CARRY_CHAINS      ; ON             ; AUTO_CARRY                          ;
; IGNORE_CARRY_BUFFERS   ; OFF            ; IGNORE_CARRY                        ;
; AUTO_CASCADE_CHAINS    ; ON             ; AUTO_CASCADE                        ;
; IGNORE_CASCADE_BUFFERS ; OFF            ; IGNORE_CASCADE                      ;
+------------------------+----------------+-------------------------------------+
Note: In order to hide this table in the UI and the text report file, please set the "Show Parameter Settings Tables in Synthesis Report" option in "Analysis and Synthesis Settings -> More Settings" to "Off".


+-------------------------------------------------------------------------------+
; Parameter Settings for Inferred Entity Instance: displayer:u7|lpm_divide:Div1 ;
+------------------------+----------------+-------------------------------------+
; Parameter Name         ; Value          ; Type                                ;
+------------------------+----------------+-------------------------------------+
; LPM_WIDTHN             ; 5              ; Untyped                             ;
; LPM_WIDTHD             ; 4              ; Untyped                             ;
; LPM_NREPRESENTATION    ; UNSIGNED       ; Untyped                             ;
; LPM_DREPRESENTATION    ; UNSIGNED       ; Untyped                             ;
; LPM_PIPELINE           ; 0              ; Untyped                             ;
; LPM_REMAINDERPOSITIVE  ; TRUE           ; Untyped                             ;
; MAXIMIZE_SPEED         ; 5              ; Untyped                             ;
; CBXI_PARAMETER         ; lpm_divide_nvl ; Untyped                             ;
; CARRY_CHAIN            ; MANUAL         ; Untyped                             ;
; OPTIMIZE_FOR_SPEED     ; 5              ; Untyped                             ;
; AUTO_CARRY_CHAINS      ; ON             ; AUTO_CARRY                          ;
; IGNORE_CARRY_BUFFERS   ; OFF            ; IGNORE_CARRY                        ;
; AUTO_CASCADE_CHAINS    ; ON             ; AUTO_CASCADE                        ;
; IGNORE_CASCADE_BUFFERS ; OFF            ; IGNORE_CASCADE                      ;
+------------------------+----------------+-------------------------------------+
Note: In order to hide this table in the UI and the text report file, please set the "Show Parameter Settings Tables in Synthesis Report" option in "Analysis and Synthesis Settings -> More Settings" to "Off".


+-------------------------------------------------------------------------------+
; Parameter Settings for Inferred Entity Instance: displayer:u7|lpm_divide:Div3 ;
+------------------------+----------------+-------------------------------------+
; Parameter Name         ; Value          ; Type                                ;
+------------------------+----------------+-------------------------------------+
; LPM_WIDTHN             ; 5              ; Untyped                             ;
; LPM_WIDTHD             ; 4              ; Untyped                             ;
; LPM_NREPRESENTATION    ; UNSIGNED       ; Untyped                             ;
; LPM_DREPRESENTATION    ; UNSIGNED       ; Untyped                             ;
; LPM_PIPELINE           ; 0              ; Untyped                             ;
; LPM_REMAINDERPOSITIVE  ; TRUE           ; Untyped                             ;
; MAXIMIZE_SPEED         ; 5              ; Untyped                             ;
; CBXI_PARAMETER         ; lpm_divide_nvl ; Untyped                             ;
; CARRY_CHAIN            ; MANUAL         ; Untyped                             ;
; OPTIMIZE_FOR_SPEED     ; 5              ; Untyped                             ;
; AUTO_CARRY_CHAINS      ; ON             ; AUTO_CARRY                          ;
; IGNORE_CARRY_BUFFERS   ; OFF            ; IGNORE_CARRY                        ;
; AUTO_CASCADE_CHAINS    ; ON             ; AUTO_CASCADE                        ;
; IGNORE_CASCADE_BUFFERS ; OFF            ; IGNORE_CASCADE                      ;
+------------------------+----------------+-------------------------------------+
Note: In order to hide this table in the UI and the text report file, please set the "Show Parameter Settings Tables in Synthesis Report" option in "Analysis and Synthesis Settings -> More Settings" to "Off".


+---------------------------------------------------------------------+
; lpm_mult Parameter Settings by Entity Instance                      ;
+---------------------------------------+-----------------------------+
; Name                                  ; Value                       ;
+---------------------------------------+-----------------------------+
; Number of entity instances            ; 1                           ;
; Entity Instance                       ; displayer:u7|lpm_mult:Mult0 ;
;     -- LPM_WIDTHA                     ; 3                           ;
;     -- LPM_WIDTHB                     ; 7                           ;
;     -- LPM_WIDTHP                     ; 10                          ;
;     -- LPM_REPRESENTATION             ; UNSIGNED                    ;
;     -- INPUT_A_IS_CONSTANT            ; NO                          ;
;     -- INPUT_B_IS_CONSTANT            ; YES                         ;
;     -- USE_EAB                        ; OFF                         ;
;     -- DEDICATED_MULTIPLIER_CIRCUITRY ; AUTO                        ;
;     -- INPUT_A_FIXED_VALUE            ; Bx                          ;
;     -- INPUT_B_FIXED_VALUE            ; Bx                          ;
+---------------------------------------+-----------------------------+


+-------------------------------+
; Analysis & Synthesis Messages ;
+-------------------------------+
Info: *******************************************************************
Info: Running Quartus II Analysis & Synthesis
    Info: Version 9.1 Build 222 10/21/2009 SJ Full Version
    Info: Processing started: Mon Nov 12 20:22:37 2018
Info: Command: quartus_map --read_settings_files=on --write_settings_files=off shootingGame -c shootingGame
Info: Parallel compilation is enabled and will use 6 of the 6 processors detected
Info: Found 2 design units, including 1 entities, in source file autocheck.vhd
    Info: Found design unit 1: autoCheck-check
    Info: Found entity 1: autoCheck
Info: Found 2 design units, including 1 entities, in source file buttonprocessor.vhd
    Info: Found design unit 1: buttonProcessor-buttonProcess
    Info: Found entity 1: buttonProcessor
Info: Found 2 design units, including 1 entities, in source file displayer.vhd
    Info: Found design unit 1: displayer-display
    Info: Found entity 1: displayer
Info: Found 2 design units, including 1 entities, in source file initgun.vhd
    Info: Found design unit 1: initGun-initializer
    Info: Found entity 1: initGun
Info: Found 2 design units, including 1 entities, in source file maingame.vhd
    Info: Found design unit 1: mainGame-game
    Info: Found entity 1: mainGame
Info: Found 2 design units, including 1 entities, in source file result.vhd
    Info: Found design unit 1: result-resultScreen
    Info: Found entity 1: result
Info: Found 2 design units, including 1 entities, in source file shootinggame.vhd
    Info: Found design unit 1: shootingGame-gameDesign
    Info: Found entity 1: shootingGame
Info: Found 2 design units, including 1 entities, in source file systemcontroller.vhd
    Info: Found design unit 1: systemController-systemControl
    Info: Found entity 1: systemController
Info: Found 2 design units, including 1 entities, in source file waitgame.vhd
    Info: Found design unit 1: waitGame-waiting
    Info: Found entity 1: waitGame
Info: Found 2 design units, including 1 entities, in source file musicplayer.vhd
    Info: Found design unit 1: musicPlayer-player
    Info: Found entity 1: musicPlayer
Info: Elaborating entity "shootingGame" for the top level hierarchy
Info: Elaborating entity "systemController" for hierarchy "systemController:u1"
Warning (10492): VHDL Process Statement warning at systemController.vhd(38): signal "SW_PWR" is read inside the Process Statement but isn't in the Process Statement's sensitivity list
Warning (10492): VHDL Process Statement warning at systemController.vhd(46): signal "SW_PWR" is read inside the Process Statement but isn't in the Process Statement's sensitivity list
Warning (10492): VHDL Process Statement warning at systemController.vhd(46): signal "CMP_WT" is read inside the Process Statement but isn't in the Process Statement's sensitivity list
Warning (10492): VHDL Process Statement warning at systemController.vhd(46): signal "BTN_RESUME" is read inside the Process Statement but isn't in the Process Statement's sensitivity list
Warning (10492): VHDL Process Statement warning at systemController.vhd(54): signal "CMP_CHK" is read inside the Process Statement but isn't in the Process Statement's sensitivity list
Warning (10492): VHDL Process Statement warning at systemController.vhd(62): signal "CMP_WT" is read inside the Process Statement but isn't in the Process Statement's sensitivity list
Warning (10492): VHDL Process Statement warning at systemController.vhd(70): signal "CMP_INIT" is read inside the Process Statement but isn't in the Process Statement's sensitivity list
Warning (10492): VHDL Process Statement warning at systemController.vhd(78): signal "CMP_GAME" is read inside the Process Statement but isn't in the Process Statement's sensitivity list
Warning (10631): VHDL Process Statement warning at systemController.vhd(36): inferring latch(es) for signal or variable "FLG_CHK", which holds its previous value in one or more paths through the process
Warning (10631): VHDL Process Statement warning at systemController.vhd(36): inferring latch(es) for signal or variable "FLG_WT", which holds its previous value in one or more paths through the process
Warning (10631): VHDL Process Statement warning at systemController.vhd(36): inferring latch(es) for signal or variable "FLG_INIT", which holds its previous value in one or more paths through the process
Info (10041): Inferred latch for "FLG_INIT" at systemController.vhd(36)
Info (10041): Inferred latch for "FLG_WT" at systemController.vhd(36)
Info (10041): Inferred latch for "FLG_CHK" at systemController.vhd(36)
Info: Elaborating entity "autoCheck" for hierarchy "autoCheck:u2"
Info: Elaborating entity "waitGame" for hierarchy "waitGame:u3"
Info: Elaborating entity "initGun" for hierarchy "initGun:u4"
Info: Elaborating entity "mainGame" for hierarchy "mainGame:u5"
Info: Elaborating entity "result" for hierarchy "result:u6"
Info: Elaborating entity "displayer" for hierarchy "displayer:u7"
Info: Elaborating entity "buttonProcessor" for hierarchy "buttonProcessor:u8"
Info: Elaborating entity "musicPlayer" for hierarchy "musicPlayer:u9"
Info: Inferred 9 megafunctions from design logic
    Info: Inferred multiplier megafunction ("lpm_mult") from the following logic: "displayer:u7|Mult0"
    Info: Inferred divider/modulo megafunction ("lpm_divide") from the following logic: "displayer:u7|Div0"
    Info: Inferred divider/modulo megafunction ("lpm_divide") from the following logic: "displayer:u7|Div2"
    Info: Inferred divider/modulo megafunction ("lpm_divide") from the following logic: "displayer:u7|Mod0"
    Info: Inferred divider/modulo megafunction ("lpm_divide") from the following logic: "displayer:u7|Mod2"
    Info: Inferred divider/modulo megafunction ("lpm_divide") from the following logic: "displayer:u7|Mod1"
    Info: Inferred divider/modulo megafunction ("lpm_divide") from the following logic: "displayer:u7|Mod3"
    Info: Inferred divider/modulo megafunction ("lpm_divide") from the following logic: "displayer:u7|Div1"
    Info: Inferred divider/modulo megafunction ("lpm_divide") from the following logic: "displayer:u7|Div3"
Info: Elaborated megafunction instantiation "displayer:u7|lpm_mult:Mult0"
Info: Instantiated megafunction "displayer:u7|lpm_mult:Mult0" with the following parameter:
    Info: Parameter "LPM_WIDTHA" = "3"
    Info: Parameter "LPM_WIDTHB" = "7"
    Info: Parameter "LPM_WIDTHP" = "10"
    Info: Parameter "LPM_WIDTHR" = "10"
    Info: Parameter "LPM_WIDTHS" = "1"
    Info: Parameter "LPM_REPRESENTATION" = "UNSIGNED"
    Info: Parameter "INPUT_A_IS_CONSTANT" = "NO"
    Info: Parameter "INPUT_B_IS_CONSTANT" = "YES"
    Info: Parameter "MAXIMIZE_SPEED" = "5"
Info: Elaborated megafunction instantiation "displayer:u7|lpm_mult:Mult0|multcore:mult_core", which is child of megafunction instantiation "displayer:u7|lpm_mult:Mult0"
Info: Elaborated megafunction instantiation "displayer:u7|lpm_mult:Mult0|multcore:mult_core|mpar_add:padder", which is child of megafunction instantiation "displayer:u7|lpm_mult:Mult0"
Info: Elaborated megafunction instantiation "displayer:u7|lpm_mult:Mult0|altshift:external_latency_ffs", which is child of megafunction instantiation "displayer:u7|lpm_mult:Mult0"
Info: Elaborated megafunction instantiation "displayer:u7|lpm_divide:Div0"
Info: Instantiated megafunction "displayer:u7|lpm_divide:Div0" with the following parameter:
    Info: Parameter "LPM_WIDTHN" = "6"
    Info: Parameter "LPM_WIDTHD" = "4"
    Info: Parameter "LPM_NREPRESENTATION" = "UNSIGNED"
    Info: Parameter "LPM_DREPRESENTATION" = "UNSIGNED"
Info: Found 1 design units, including 1 entities, in source file db/lpm_divide_ovl.tdf
    Info: Found entity 1: lpm_divide_ovl
Info: Found 1 design units, including 1 entities, in source file db/sign_div_unsign_9kh.tdf
    Info: Found entity 1: sign_div_unsign_9kh
Info: Found 1 design units, including 1 entities, in source file db/alt_u_div_die.tdf
    Info: Found entity 1: alt_u_div_die
Info: Found 1 design units, including 1 entities, in source file db/add_sub_e7c.tdf
    Info: Found entity 1: add_sub_e7c
Info: Found 1 design units, including 1 entities, in source file db/add_sub_f7c.tdf
    Info: Found entity 1: add_sub_f7c
Info: Found 1 design units, including 1 entities, in source file db/add_sub_g7c.tdf
    Info: Found entity 1: add_sub_g7c
Info: Found 1 design units, including 1 entities, in source file db/add_sub_h7c.tdf
    Info: Found entity 1: add_sub_h7c
Info: Found 1 design units, including 1 entities, in source file db/add_sub_i7c.tdf
    Info: Found entity 1: add_sub_i7c
Info: Elaborated megafunction instantiation "displayer:u7|lpm_divide:Mod0"
Info: Instantiated megafunction "displayer:u7|lpm_divide:Mod0" with the following parameter:
    Info: Parameter "LPM_WIDTHN" = "6"
    Info: Parameter "LPM_WIDTHD" = "6"
    Info: Parameter "LPM_NREPRESENTATION" = "UNSIGNED"
    Info: Parameter "LPM_DREPRESENTATION" = "UNSIGNED"
Info: Found 1 design units, including 1 entities, in source file db/lpm_divide_tnl.tdf
    Info: Found entity 1: lpm_divide_tnl
Info: Found 1 design units, including 1 entities, in source file db/sign_div_unsign_bkh.tdf
    Info: Found entity 1: sign_div_unsign_bkh
Info: Found 1 design units, including 1 entities, in source file db/alt_u_div_hie.tdf
    Info: Found entity 1: alt_u_div_hie
Info: Found 1 design units, including 1 entities, in source file db/add_sub_j7c.tdf
    Info: Found entity 1: add_sub_j7c
Info: Elaborated megafunction instantiation "displayer:u7|lpm_divide:Mod1"
Info: Instantiated megafunction "displayer:u7|lpm_divide:Mod1" with the following parameter:
    Info: Parameter "LPM_WIDTHN" = "5"
    Info: Parameter "LPM_WIDTHD" = "5"
    Info: Parameter "LPM_NREPRESENTATION" = "UNSIGNED"
    Info: Parameter "LPM_DREPRESENTATION" = "UNSIGNED"
Info: Found 1 design units, including 1 entities, in source file db/lpm_divide_rnl.tdf
    Info: Found entity 1: lpm_divide_rnl
Info: Found 1 design units, including 1 entities, in source file db/sign_div_unsign_akh.tdf
    Info: Found entity 1: sign_div_unsign_akh
Info: Found 1 design units, including 1 entities, in source file db/alt_u_div_eie.tdf
    Info: Found entity 1: alt_u_div_eie
Info: Elaborated megafunction instantiation "displayer:u7|lpm_divide:Div1"
Info: Instantiated megafunction "displayer:u7|lpm_divide:Div1" with the following parameter:
    Info: Parameter "LPM_WIDTHN" = "5"
    Info: Parameter "LPM_WIDTHD" = "4"
    Info: Parameter "LPM_NREPRESENTATION" = "UNSIGNED"
    Info: Parameter "LPM_DREPRESENTATION" = "UNSIGNED"
Info: Found 1 design units, including 1 entities, in source file db/lpm_divide_nvl.tdf
    Info: Found entity 1: lpm_divide_nvl
Info: Found 1 design units, including 1 entities, in source file db/sign_div_unsign_8kh.tdf
    Info: Found entity 1: sign_div_unsign_8kh
Info: Found 1 design units, including 1 entities, in source file db/alt_u_div_bie.tdf
    Info: Found entity 1: alt_u_div_bie
Warning: Latch systemController:u1|FLG_INIT has unsafe behavior
    Warning: Ports D and ENA on the latch are fed by the same signal waitGame:u3|CMP_WT
Warning: Latch systemController:u1|FLG_WT has unsafe behavior
    Warning: Ports D and ENA on the latch are fed by the same signal waitGame:u3|CMP_WT
Info: Implemented 1321 device resources after synthesis - the final resource count might be different
    Info: Implemented 6 input pins
    Info: Implemented 42 output pins
    Info: Implemented 1273 logic cells
Info: Quartus II Analysis & Synthesis was successful. 0 errors, 15 warnings
    Info: Peak virtual memory: 274 megabytes
    Info: Processing ended: Mon Nov 12 20:22:43 2018
    Info: Elapsed time: 00:00:06
    Info: Total CPU time (on all processors): 00:00:05


